
====================================================================================================
[2026-07-24 15:53:43] Text-to-Bary-to-Video | query: a man is cooking in the kitchen
====================================================================================================
[Rank 1] score=0.4018
video_id   : video8834
caption    : a man is cooking in the kitchen he states he will return later to add to the dish
subtitle   :  I'm gonna come back to you I'm gonna add my last item cilantro and then I
----------------------------------------------------------------------------------------------------
[Rank 2] score=0.3926
video_id   : video9687
caption    : a man chopping lobster and taking off the shell
subtitle   :  Spread that beautiful butter on. Go into the heads as well. And then the claws. Take off bits of the shell and get little bits of butter in there. This can be done way in advance. For me, the longer that chilli butter sits on top of that lobster,
----------------------------------------------------------------------------------------------------
[Rank 3] score=0.3779
video_id   : video8456
caption    : a man talks to someone and also the camera
subtitle   :  guys know that but I need to yeah but we go over a lot one time we went over and we had a Nando's there and on like an LP like a record player she was playing like horror soundtracks she's that obsessed in fact wait she's gone
----------------------------------------------------------------------------------------------------
[Rank 4] score=0.3754
video_id   : video9038
caption    : a person is preparing some food
----------------------------------------------------------------------------------------------------
[Rank 5] score=0.3638
video_id   : video7799
caption    : a guy chops up garlic and pours it over chicken frying in a pan
subtitle   :  Now it's starting to come together you've got beautiful frying chicken you've got this wonderful garlic It's time to get the garlic straight in there. Just sprinkle it all the way over the top nice hunky chunks I'm gonna give that a stir through but before I do
----------------------------------------------------------------------------------------------------
[Rank 6] score=0.3624
video_id   : video7376
caption    : broth is being added to a soup pot and stirred with a rubber spatula
subtitle   :  Then we'll be adding our chicken stock. Okay, so we'll cook our rice into our rice cooker until done and then we're going to slice it.
----------------------------------------------------------------------------------------------------
[Rank 7] score=0.3524
video_id   : video7968
caption    : a foul mouthed chef demonstrates and describes a vegetable recipe
subtitle   :  The thinner the garlic, the crispier. This is a young tender broccoli. Just slice them down. I want a bite to the broccoli. Normally you sort of pace the
----------------------------------------------------------------------------------------------------
[Rank 8] score=0.3510
video_id   : video7911
caption    : a woman is making a recipe in a sauce pan
subtitle   :  Mix in a saucepan, place flour, chicken broth, and canola oil and mix those ingredients with a whisk.
----------------------------------------------------------------------------------------------------
[Rank 9] score=0.3425
video_id   : video9625
caption    : its a cooking recipe show with chicken vegetables
subtitle   :  Alright, so our stock is looking fantastic. The chicken is pulled, ready to go in. And our vegetables, as I mentioned, I've just gotten those started. And I'm going to let them cook for three or four more minutes. They've been on now for about ten minutes or so. And then I'll add the stock to the vegetables as well as the chicken. And we'll get the noodles in there and we'll be set.
----------------------------------------------------------------------------------------------------
[Rank 10] score=0.3422
video_id   : video8247
caption    : a man is talking about cooking and presenting a thermometer and way of preparation
subtitle   :  When you're thawing food, it's time to think about the danger zone again. Which would be any time the food is above 41 degrees. Acceptable methods of safely thawing frozen foods include
----------------------------------------------------------------------------------------------------


====================================================================================================
[2026-07-24 15:54:24] Text-to-Bary-to-Audio | query: a man is cooking in the kitchen
====================================================================================================
[Rank 1] score=0.2272
video_id   : video7376
caption    : broth is being added to a soup pot and stirred with a rubber spatula
subtitle   :  Then we'll be adding our chicken stock. Okay, so we'll cook our rice into our rice cooker until done and then we're going to slice it.
----------------------------------------------------------------------------------------------------
[Rank 2] score=0.2231
video_id   : video8834
caption    : a man is cooking in the kitchen he states he will return later to add to the dish
subtitle   :  I'm gonna come back to you I'm gonna add my last item cilantro and then I
----------------------------------------------------------------------------------------------------
[Rank 3] score=0.2059
video_id   : video7799
caption    : a guy chops up garlic and pours it over chicken frying in a pan
subtitle   :  Now it's starting to come together you've got beautiful frying chicken you've got this wonderful garlic It's time to get the garlic straight in there. Just sprinkle it all the way over the top nice hunky chunks I'm gonna give that a stir through but before I do
----------------------------------------------------------------------------------------------------
[Rank 4] score=0.1987
video_id   : video9689
caption    : spices being combined in a stainless steel bowl
subtitle   :  Then we're gonna put this in. Now once you put this colour in, you have to be very careful. I mean if you mix this in your hands, you're gonna get, you'll end up with red.
----------------------------------------------------------------------------------------------------
[Rank 5] score=0.1963
video_id   : video8129
caption    : behind the scenes in a professional kitchen as the chefs work and the waiters run food can be a very noisy experience
subtitle   :  We have chicken matches for 15 to 20 portions. We have two different orders of the same. One is the chicken and the other is the rice. We have a lot of different orders. One is the chicken and the other is the rice. We have a lot of different orders. One is the chicken and the other is the rice. We have a lot of different orders. One is the chicken and the other is the rice. We have a lot of different orders. One is the chicken and the other is the rice. We have a lot of different orders. One is the chicken and the other is the rice. We have a lot of different orders. One is the chicken and the other is the rice. We have a lot of different orders. One is the chicken and the other is the rice. We have a lot of different orders. One is the chicken and the other is the rice. We have a lot of different orders. One is the chicken and the other is the rice. We have a lot of different orders. One is the chicken and the other is the rice. We have a lot of different orders. One is the chicken and the other is the rice. We have a lot of different orders. One is the chicken and the other is the rice. We have a lot of different orders. One is the chicken and the other is the rice. We have a lot of different orders. One is the chicken and the other is the rice. We have a lot of different orders. One is the chicken and the other is the rice. We have a lot of different orders. One is the chicken and the other is the rice. We have a lot of different orders. One is the chicken and the other is the rice. We have a lot of different orders. One is the chicken and the other is the rice. We have a lot of different orders. One is the chicken and the other is the rice. We have a lot of different orders. One is the chicken and the other is the rice. We have a lot of different orders. One is the chicken and the other is the rice. We have a lot of different orders. One is the chicken and one is the
----------------------------------------------------------------------------------------------------
[Rank 6] score=0.1961
video_id   : video8772
caption    : the man is making a sauce in the kitchen
subtitle   :  So I'm going to mix this up.
----------------------------------------------------------------------------------------------------
[Rank 7] score=0.1953
video_id   : video7966
caption    : cheese is being sliced
subtitle   :  Square it up. You want them as thin as possible. And as even as possible. And you're going to continue doing this with the rest of the potatoes.
----------------------------------------------------------------------------------------------------
[Rank 8] score=0.1934
video_id   : video7968
caption    : a foul mouthed chef demonstrates and describes a vegetable recipe
subtitle   :  The thinner the garlic, the crispier. This is a young tender broccoli. Just slice them down. I want a bite to the broccoli. Normally you sort of pace the
----------------------------------------------------------------------------------------------------
[Rank 9] score=0.1894
video_id   : video7826
caption    : a girl is preparing potato ball and explains the recipe
subtitle   :  I'm going to dip a couple of my Potato balls into the batter. Coat it well. And with the help of a fork. I'm just gonna pick it up. And...
----------------------------------------------------------------------------------------------------
[Rank 10] score=0.1841
video_id   : video8865
caption    : a man in a kitchen is preparing pancakes he s wearing a white shirt and has black hair
subtitle   :  Pour the batter into the center of the flour mixture.
----------------------------------------------------------------------------------------------------


====================================================================================================
[2026-07-24 15:55:14] Text-to-Bary-to-Subtitle | query: a man is cooking in the kitchen
====================================================================================================
[Rank 1] score=0.2420
video_id   : video7362
caption    : a person is cooking on stage
subtitle   :  Do you like mustard? Oh, I love mustard. My favorite condiment. Me too. Absolutely, without question.
----------------------------------------------------------------------------------------------------
[Rank 2] score=0.2242
video_id   : video8486
caption    : a cartoon on a young guy cursing
subtitle   :  Beans. What the f- Kill them with some beans? Some fucking beans? I'll just go up here, oh shit. Ah fuck, my fucking legs.
----------------------------------------------------------------------------------------------------
[Rank 3] score=0.2095
video_id   : video8654
caption    : a woman cooking an orange substance
subtitle   :  of your yogurt or curd. Cook this gravy for 4-5 minutes.
----------------------------------------------------------------------------------------------------
[Rank 4] score=0.2084
video_id   : video9639
caption    : women poring sauce to cooking vegetables
subtitle   :  And chili sauce
----------------------------------------------------------------------------------------------------
[Rank 5] score=0.2036
video_id   : video7024
caption    : little pet shop cat getting a bath and washed with little brush
subtitle   :  I'm going to make a soup with the leftover ingredients from yesterday.
----------------------------------------------------------------------------------------------------
[Rank 6] score=0.1994
video_id   : video7147
caption    : a man cooks burgers and bacon on a grill
subtitle   :  Now, these burgers are just about done, but I'm gonna add some bacon. Oh yeah, what's
----------------------------------------------------------------------------------------------------
[Rank 7] score=0.1950
video_id   : video8772
caption    : the man is making a sauce in the kitchen
subtitle   :  So I'm going to mix this up.
----------------------------------------------------------------------------------------------------
[Rank 8] score=0.1949
video_id   : video8300
caption    : a woman pours water into her pot of meat then tomato sauce and stirs it all around while talking
subtitle   :  Add the tomato sauce. Mix it.
----------------------------------------------------------------------------------------------------
[Rank 9] score=0.1940
video_id   : video9356
caption    : someone is arranging utensilslarge saucepan and spoons as a preparation to cook something
subtitle   :  Here's that list again. You'll also need the following utensils. Two chopping boards, a knife, a large saucepan, a large spoon, a teaspoon and a tablespoon. Step two, onions.
----------------------------------------------------------------------------------------------------
[Rank 10] score=0.1850
video_id   : video9684
caption    : somebody slices white onion with sharp knife on the table
subtitle   :  Let's get started by chopping one large onion.
----------------------------------------------------------------------------------------------------


====================================================================================================
[2026-07-24 19:58:21] Video-to-Bary-to-Text | video_id: video8652
====================================================================================================
[Rank 1] score=0.4656
video_id   : video8652
caption    : a man runs into the crowd when trying to catch a basketball
----------------------------------------------------------------------------------------------------
[Rank 2] score=0.3913
video_id   : video7763
caption    : people are playing basketball
----------------------------------------------------------------------------------------------------
[Rank 3] score=0.3831
video_id   : video9029
caption    : a player is putting a basket ball into the basket from distance
----------------------------------------------------------------------------------------------------
[Rank 4] score=0.3702
video_id   : video8124
caption    : basketball players making a shot in the last seven seconds
----------------------------------------------------------------------------------------------------
[Rank 5] score=0.3656
video_id   : video9013
caption    : basketball highlights of players scoring
----------------------------------------------------------------------------------------------------
[Rank 6] score=0.3476
video_id   : video8979
caption    : sports vine clips of basketball
----------------------------------------------------------------------------------------------------
[Rank 7] score=0.3425
video_id   : video8668
caption    : a man is highlighted playing basketball
----------------------------------------------------------------------------------------------------
[Rank 8] score=0.3420
video_id   : video9516
caption    : people are cheering at a stadium
----------------------------------------------------------------------------------------------------
[Rank 9] score=0.3196
video_id   : video9019
caption    : two people playing basketball and the one with a hat makes every shot
----------------------------------------------------------------------------------------------------
[Rank 10] score=0.3164
video_id   : video8013
caption    : a video showing footage from sporting events
----------------------------------------------------------------------------------------------------


====================================================================================================
[2026-07-24 19:58:49] Video-to-Bary-to-Audio | video_id: video8652
====================================================================================================
[Rank 1] score=0.3196
video_id   : video8124
caption    : basketball players making a shot in the last seven seconds
subtitle   :  Big time play, 7 seconds left and Derek knocked that jumper out. I tell you, they isolated the floor that time for him. I was wondering who stepped further.
----------------------------------------------------------------------------------------------------
[Rank 2] score=0.3103
video_id   : video7763
caption    : people are playing basketball
subtitle   :  before nearly took it away
----------------------------------------------------------------------------------------------------
[Rank 3] score=0.2960
video_id   : video7710
caption    : a man playing video games
subtitle   :  Puts it in. Successful move from Jeremy Lin. Good play to Hannah Chandler.
----------------------------------------------------------------------------------------------------
[Rank 4] score=0.2952
video_id   : video9013
caption    : basketball highlights of players scoring
subtitle   :  Lynn with his first assist. He perseveres that time being hounded by Rubio. Lynn around the screen by Jeffries now pulls up for the jump shot got it off the glass.
----------------------------------------------------------------------------------------------------
[Rank 5] score=0.2942
video_id   : video7500
caption    : a soccer team walking out on the field
subtitle   :  a nervy finish in this one.
----------------------------------------------------------------------------------------------------
[Rank 6] score=0.2854
video_id   : video8652
caption    : a man runs into the crowd when trying to catch a basketball
subtitle   :  inside deflected James got a piece of that one way exactly able to chase that one down he was diving into the crowd
----------------------------------------------------------------------------------------------------
[Rank 7] score=0.2692
video_id   : video9021
caption    : a pitcher throws a fastball
subtitle   :  The 105 mile an hour heater is the fastest pitch ever thrown. And that pitch wasn't a fluke. In one and a third innings Chapman threw 25 pitches and every one of them was clocked at over 100 miles an hour. But how does he do that?
----------------------------------------------------------------------------------------------------
[Rank 8] score=0.2589
video_id   : video7741
caption    : a cartoon man in sunglasses waves at the crowd and smiles
subtitle   :  And there's our pole sit-up international racing legend, Paolo van der Beek. A household name born in the Scottish enclave of a Swiss town in the Italian Alps to Dutch parents. Not only a king among drivers, Paolo van der Beek is also a beloved man of the people. No one is more passionate about his sport or cares more about his fans than Paolo van der Beek. Earning him the name the King of K. Let's look at an incomprehensible map of the world.
----------------------------------------------------------------------------------------------------
[Rank 9] score=0.2530
video_id   : video8451
caption    : a group of young athletes race around a track
subtitle   :  And that is round of Mississippi out in lane five. Round of Mississippi is by Boone of Florida in second.
----------------------------------------------------------------------------------------------------
[Rank 10] score=0.2427
video_id   : video9028
caption    : news of marijuana business having trouble growing
subtitle   :  became the first country in the world to legalize the drug. That's because the government body tasked with regulating the legal market is understaffed and underfunded. Police continue to harass growers
----------------------------------------------------------------------------------------------------


====================================================================================================
[2026-07-24 19:59:57] Video-to-Bary-to-Subtitle | video_id: video8652
====================================================================================================
[Rank 1] score=0.3617
video_id   : video9021
caption    : a pitcher throws a fastball
subtitle   :  The 105 mile an hour heater is the fastest pitch ever thrown. And that pitch wasn't a fluke. In one and a third innings Chapman threw 25 pitches and every one of them was clocked at over 100 miles an hour. But how does he do that?
----------------------------------------------------------------------------------------------------
[Rank 2] score=0.3596
video_id   : video8124
caption    : basketball players making a shot in the last seven seconds
subtitle   :  Big time play, 7 seconds left and Derek knocked that jumper out. I tell you, they isolated the floor that time for him. I was wondering who stepped further.
----------------------------------------------------------------------------------------------------
[Rank 3] score=0.3438
video_id   : video9013
caption    : basketball highlights of players scoring
subtitle   :  Lynn with his first assist. He perseveres that time being hounded by Rubio. Lynn around the screen by Jeffries now pulls up for the jump shot got it off the glass.
----------------------------------------------------------------------------------------------------
[Rank 4] score=0.3334
video_id   : video7710
caption    : a man playing video games
subtitle   :  Puts it in. Successful move from Jeremy Lin. Good play to Hannah Chandler.
----------------------------------------------------------------------------------------------------
[Rank 5] score=0.2835
video_id   : video8652
caption    : a man runs into the crowd when trying to catch a basketball
subtitle   :  inside deflected James got a piece of that one way exactly able to chase that one down he was diving into the crowd
----------------------------------------------------------------------------------------------------
[Rank 6] score=0.2794
video_id   : video7741
caption    : a cartoon man in sunglasses waves at the crowd and smiles
subtitle   :  And there's our pole sit-up international racing legend, Paolo van der Beek. A household name born in the Scottish enclave of a Swiss town in the Italian Alps to Dutch parents. Not only a king among drivers, Paolo van der Beek is also a beloved man of the people. No one is more passionate about his sport or cares more about his fans than Paolo van der Beek. Earning him the name the King of K. Let's look at an incomprehensible map of the world.
----------------------------------------------------------------------------------------------------
[Rank 7] score=0.2588
video_id   : video8309
caption    : there is a wrestling match
subtitle   :  And Hanisch now has Lamers legs tied up. Here's where a ref is going to be pretty critical of the top wrestler. He's got to go side to side. He's got to make an attempt.
----------------------------------------------------------------------------------------------------
[Rank 8] score=0.2577
video_id   : video7211
caption    : people share their thoughts on a boxing match
subtitle   :  that he was definitely gonna win. This was a great fight. It was a great fight.
----------------------------------------------------------------------------------------------------
[Rank 9] score=0.2553
video_id   : video7979
caption    : people talking about a fight
subtitle   :  It was a great fight.
----------------------------------------------------------------------------------------------------
[Rank 10] score=0.2523
video_id   : video8660
caption    : two teams play at the olympics
subtitle   :  Valerio Vermilion, the wing, the ball, the defense, what a drama!
----------------------------------------------------------------------------------------------------

